=== Q-REMEDIATE-B2-YAMA independent rematch (Makefile absent + SOP) ===
ROOT=/mnt/Big-Storage/GuardTalk/GrapheneOS-worktree
LIVE_DEVICE_CLAIMED=false
PASS_HOLD=remains
USB_GO=not started
M=not started
IMAGE_REWRITE=not started
Q-ONDEVICE=not started
MAKEFILE_INCLUDE_REQUIRED=false (REJECTED path)

--- required files ---
PASS: present: device/google/caimito-kernels/6.1/guardtalk-security-yama.config
PASS: present: device/google/caimito-kernels/6.1/grapheneos/System.map
PASS: present: device/google/caimito-kernels/6.1/grapheneos/Image.lz4
PASS: present: vendor/guardtalk/device/komodo/REGEN_HOOKS.md
PASS: present: vendor/guardtalk/docs/qa/verify_remediate_b2_kernel_static.sh

--- 1. orphan Makefile ABSENT (test ! -f) ---
PASS: test ! -f device/google/caimito-kernels/6.1/Makefile (ABSENT)
PASS: device/google/caimito-kernels/6.1/Makefile not present as any type

--- 2. no Makefile/Android.mk/Android.bp/*.mk (maxdepth 3, ignore .git) ---
PASS: no Makefile/Android.mk/Android.bp/*.mk under device/google/caimito-kernels/6.1 (maxdepth 3, .git pruned)

--- 3. fragment CONFIG_SECURITY_YAMA=y ---
PASS: fragment has CONFIG_SECURITY_YAMA=y

--- 4. REGEN_HOOKS out-of-tree merge_config.sh SOP (not Makefile include) ---
PASS: REGEN_HOOKS.md documents scripts/kconfig/merge_config.sh
PASS: REGEN_HOOKS.md names guardtalk-security-yama.config
PASS: REGEN_HOOKS.md documents out-of-tree kernel rebuild
PASS: REGEN_HOOKS.md forbids adding Makefile/Android.mk/Android.bp under caimito-kernels/6.1
PASS: fragment not Makefile-included (docs/README/REGEN_HOOKS only)

--- 6. live System.map __lsm_yama ABSENT is HOLD (not FAIL; do not invent PRESENT) ---
HOLD: live grapheneos/System.map __lsm_yama ABSENT (YAMA not in prebuilt Image)
86323:ffff80000a328cd0 d __lsm_capability
86325:ffff80000a328d00 d __lsm_selinux
86326:ffff80000a328d30 d __lsm_safesetid_security_init
86327:ffff80000a328d60 d __lsm_integrity
PASS: live System.map LSM set includes capability/selinux/safesetid/integrity
Image.lz4 mtime=2026-05-25 09:26:07
HOLD: Image.lz4 present (mtime 2026-05-25 09:26:07); not treated as rebuilt

--- 5. re-run Q-KERNEL suite (do not overwrite the KERNEL script) ---
HOLD: verify_sec_p5_static.sh still asserts paranoid 3 (historical P5; not SoT)
PASS: PRODUCTION_HARDENING_POLICY.md table lists paranoid 2

--- init-perfetto residual (not this card) ---
HOLD: init-perfetto.rc can still write paranoid -1/1/3 (traced/perf_harden; not item 9 SoT)

--- stale out/ copies (m not run) ---
HOLD: stale out/komodo init.guardtalk.hardening.rc still has paranoid 3 until rebuild
HOLD: stale out product rc copies lack bpf=1 (m not run)

--- adb / on-device /proc/sys ---
List of devices attached
HOLD: adb empty; on-device /proc/sys HOLD; Q-ONDEVICE not started

RESULT: PASS (host static)  PASS_COUNT=28 HOLD_COUNT=8 FAIL=0 EXIT=0
LIVE_DEVICE_CLAIMED=false
YAMA_LIVE_IMAGE=HOLD
PROC_SYS=HOLD
DEVICE=HOLD
P5_SCRIPT=HOLD (not SoT)
PASS: verify_remediate_b2_kernel_static.sh EXIT=0
PASS: KERNEL suite YAMA_LIVE_IMAGE=HOLD
PASS: KERNEL suite did not report __lsm_yama PRESENT
PASS: KERNEL suite RESULT is not FAIL

--- 6b. adb empty → HOLD; do not lift PASS HOLD ---
List of devices attached
HOLD: adb empty; on-device /proc/sys HOLD; Q-ONDEVICE not started
HOLD: PASS HOLD remains (not lifted)

RESULT: PASS (host static)  PASS_COUNT=19 HOLD_COUNT=4 FAIL=0 EXIT=0
LIVE_DEVICE_CLAIMED=false
YAMA_LIVE_IMAGE=HOLD
PROC_SYS=HOLD
DEVICE=HOLD
PASS_HOLD=remains
MAKEFILE_INCLUDE_REQUIRED=false
