START=2026-09-18T10:18:06Z
PWD=/mnt/Big-Storage/GuardTalk/GrapheneOS-worktree
COMBO=komodo-trunk_staging-userdebug
NPROC=96
USB_GO=false
FLASH_READY=false
DEBUG_FLASH_READY=false
LOG=/tmp/t-remediate-b1-debug-m-20260918T101800Z.log
export BUILD_DATETIME=1782971948 BUILD_NUMBER=eng.openst
ENVSETUP_EXIT=0
============================================
Commands from vendor/google_devices/komodo/cmds-for-envsetup.sh:
export BUILD_ID_komodo="BP4A.260205.002"
unset PLATFORM_SECURITY_PATCH_komodo
============================================
10:18:08 Build sandboxing disabled due to nsjail error.

============================================
PLATFORM_VERSION_CODENAME=Baklava
PLATFORM_VERSION=Baklava
TARGET_PRODUCT=komodo
TARGET_BUILD_VARIANT=userdebug
TARGET_ARCH=arm64
TARGET_ARCH_VARIANT=armv9-a
TARGET_CPU_VARIANT=cortex-a76
HOST_OS=linux
HOST_OS_EXTRA=Linux-6.8.0-138-generic-x86_64-Ubuntu-24.04.4-LTS
BUILD_ID=BP4A.260205.002
PLATFORM_SECURITY_PATCH=2026-02-05
OUT_DIR=out
SOONG_ONLY=false
============================================
LUNCH_EXIT=0
TARGET_PRODUCT=komodo
TARGET_BUILD_VARIANT=userdebug
TARGET_BUILD_TYPE=release
BUILD_KEYS=test-keys
M_START=2026-09-18T10:18:19Z
#### invoking m -j96 ####
10:18:20 Build sandboxing disabled due to nsjail error.
Running product configuration...
============================================
PLATFORM_VERSION_CODENAME=Baklava
PLATFORM_VERSION=Baklava
TARGET_PRODUCT=komodo
TARGET_BUILD_VARIANT=userdebug
TARGET_ARCH=arm64
TARGET_ARCH_VARIANT=armv9-a
TARGET_CPU_VARIANT=cortex-a76
HOST_OS=linux
HOST_OS_EXTRA=Linux-6.8.0-138-generic-x86_64-Ubuntu-24.04.4-LTS
BUILD_ID=BP4A.260205.002
PLATFORM_SECURITY_PATCH=2026-02-05
OUT_DIR=out
SOONG_ONLY=false
============================================
[100% 1/1] bootstrap blueprint
Running globs...
Globs changed, rerunning soong...
One culprit glob (may be more): frameworks/base/services/tests/servicestests/src/**/*.java (excluding frameworks/base/services/tests/servicestests/src/com/android/server/signalcollector/**/*.java)
[100% 2/2] analyzing Android.bp files and generating ninja file at out/soong/build.komodo.ninja
vendor/guardtalk/radio-excised/product-config-late.mk was modified, regenerating...
vendor/guardtalk/radio-excised/product-config-late.mk was modified, regenerating...
[100% 3/3] initializing Make module parser
[ 20% 4/20] including out/soong/installs-komodo.mk
[ 25% 5/20] including out/soong/Android-komodo.mk
[ 30% 6/20] including build/make/target/board/android-info.mk
[ 35% 7/20] including bootable/deprecated-ota/updater/Android.mk
[ 40% 8/20] including device/amlogic/yukawa/Android.mk
[ 45% 9/20] including device/linaro/dragonboard/Android.mk
[ 50% 10/20] including device/linaro/hikey/Android.mk
[ 55% 11/20] including hardware/broadcom/libbt/Android.mk
[ 60% 12/20] including hardware/broadcom/wlan/bcmdhd/Android.mk
[ 65% 13/20] including hardware/invensense/Android.mk
[ 70% 14/20] including hardware/qcom/wlan/Android.mk
[ 75% 15/20] including hardware/synaptics/wlan/synadhd/Android.mk
[ 80% 16/20] including vendor/google_devices/akita/Android.mk
[ 85% 17/20] including vendor/google_devices/komodo/Android.mk
[ 90% 18/20] including vendor/google_devices/rango/Android.mk
[ 95% 19/20] including vendor/google_devices/tokay/Android.mk
[100% 20/20] including out/soong/late-komodo.mk
[100% 21/21] finishing Make module rules
[100% 22/22] finishing Make module rules: Adding module dependencies
[100% 23/23] finishing Make packaging rules
[ 54% 24/44] including build/make/core/tasks/art-host-tests.mk
[ 56% 25/44] including build/make/core/tasks/art.mk
[ 59% 26/44] including build/make/core/tasks/berberis_test.mk
[ 61% 27/44] including build/make/core/tasks/build_custom_images.mk
[ 63% 28/44] including build/make/core/tasks/dex_preopt_check.mk
FAILED: 
build/make/core/tasks/dex_preopt_check.mk:13: warning:  Missing compilation artifacts. Dexpreopting is not working for some system server jars. See https://cs.android.com/android/platform/superproject/+/master:build/make/core/tasks/README.dex_preopt_check.md 
Offending entries:
system/framework/oat/arm64/apex@com.android.devicelock@javalib@service-devicelock.jar@classes.odex
system/framework/oat/arm64/apex@com.android.devicelock@javalib@service-devicelock.jar@classes.vdex
In file included from build/make/core/main.mk:1193:
In file included from build/make/core/tasks/build_custom_images.mk:53:
build/make/core/tasks/dex_preopt_check.mk:13: error: Build failed.
10:22:11 kati failed with: exit status 1

#### failed to build some targets (03:52 (mm:ss)) ####

BUILD_EXIT=1
M_END=2026-09-18T10:22:11Z
BUILD_PROP=/mnt/Big-Storage/GuardTalk/GrapheneOS-worktree/out/target/product/komodo/system/build.prop
ro.build.type=userdebug
ro.build.tags=test-keys
ro.build.version.incremental=eng.openst
ro.build.date.utc=1782971948
-rw-rwxr--+ 1 oss-c1 oss-c1 5379 Sep 15 04:58 /mnt/Big-Storage/GuardTalk/GrapheneOS-worktree/out/target/product/komodo/system/build.prop
USB_GO=false
FLASH_READY=false
DEBUG_FLASH_READY=false
WRAPPER_END=2026-09-18T10:22:11Z
